ConnectionError: Publisher not found for subscriber /kinect2/pointcloud_filtered in pointcloud_to_laserscan
TFError: Broadcaster not found for listener listen target_frame to kinect2_link in pointcloud_to_laserscan
