TFError: Broadcast odom to map has multiple parents: ['static_transform_publisher_type', 'amcl']
