ParameterError: The configuration manager: string is missing from the component instance
