ParameterDependencyError: node instance configurations for obstacle_layer do not respect the dependency defined in the node type: z_voxels == len(observation_sources)
