ParameterDependencyError: node instance configurations for rgbdslam do not respect the dependency defined in the node type: exists(topic_image_depth) -> topic_points == ""
