TFError: Broadcast "base_link" to "odom" has multiple parents: ['global_costmap_t', 'local_costmap']
