ROSpecFormationError: Variable ratslam_ros already defined in the program
