ParameterDependencyError: node instance configurations for laser_scan_matcher_node do not respect the dependency defined in the node type: is_simulation -> use_sim_time
