ConnectionError: Provider not found for consumes service SimpleActionClient: MoveBaseAction in simple_move
