ParameterDependencyError: node instance configurations for ekf_localization_node do not respect the dependency defined in the node type: exists(twist0_config) -> exists(twist0)
