ConnectionError: Publisher not found for subscriber /sensor_1/points in ira_laser_tools
ConnectionError: Publisher not found for subscriber /sensor_2/points in ira_laser_tools
