ParameterDependencyError: node instance configurations for move_group do not respect the dependency defined in the node type: exists(elbow_joint/max_acceleration) -> elbow_joint/has_acceleration_limits
