Refinement environment == "EmptyLayout" not satisfied in environment: Enum[ObstacleLayout, EmptyLayout] where {environment == ObstacleLayout}
