TFError: Broadcaster not found for listener listen base_link to map in rviz
