TFError: Broadcast "odom_error" to "map" has multiple parents: ['custom_node_type', 'amcl']
