TFError: Broadcast camera_link to camera_rgb_frame is cyclic
