ParameterDependencyError: node instance configurations for rviz do not respect the dependency defined in the node type: number_of_systems > 1 -> exists(tf_prefix)
