TFError: Broadcast odom to map has multiple parents: ['robot_localization_type', 'rtab']
