ConnectionError: Provider not found for consumes service /camera/set_camera_info: sensor_msgs/SetCameraInfo in camera_calibration
