ConnectionError: Connection property count(publishers(rgbd_image)) == 1 not satisfied in: subscribes to rgbd_image: sensor_msgs/Image where {count(publishers(rgbd_image)) == 1}
