ParameterDependencyError: node instance configurations for op_motion_simulation do not respect the dependency defined in the node type: object_avoidance -> !(useNavGoalToSetStaticObstacle)
