ParameterDependencyError: node instance configurations for robot_localization do not respect the dependency defined in the node type: imu0_config[1, 2] == imu0_differential[1, 2]
