Publisher not found for subscriber /rgbdslam/batch_clouds
