ParameterDependencyError: node instance configurations for robot_state_publisher do not respect the dependency defined in the node type: number_of_robots > 1 -> exists(tf_prefix)
