TFError: Broadcast odom to map has multiple parents: ['ekf_node_type', 'amcl']
