ParameterDependencyError: node instance configurations for map_server do not respect the dependency defined in the node type: exists(frame_id) -> use_map_topic
