ParameterError: Configurable information worl_frame instanced in ekf_filter_node was not found in the node type ekf_filter_node_type
