ConnectionError: Publisher not found for subscriber /RosAria/cmd_vel in rosaria_node
