ConnectionError: Publisher not found for subscriber initialpose_dqn in amcl
