ConnectionError: Publisher not found for subscriber /robo/cmd_vel in custom_node
