ConnectionError: Publisher not found for subscriber imu_data in custom_node
