ConnectionError: Publisher not found for subscriber position in custom_node2
